<testsuites id="" name="" tests="125" failures="5" skipped="54" errors="0" time="155.96965899999998">
<testsuite name="App Screen Builder/Add List.spec.ts" timestamp="2025-09-22T14:45:10.663Z" hostname="chromium" tests="3" failures="0" skipped="3" time="0" errors="0">
<testcase name="App Screen Builder - Add List - News" classname="App Screen Builder/Add List.spec.ts" time="0">
<properties>
<property name="skip" value="">
</property>
</properties>
<skipped>
</skipped>
</testcase>
<testcase name="App Screen Builder - Add List - Video" classname="App Screen Builder/Add List.spec.ts" time="0">
<properties>
<property name="skip" value="">
</property>
</properties>
<skipped>
</skipped>
</testcase>
<testcase name="App Screen Builder - Add List - Clean Up Script" classname="App Screen Builder/Add List.spec.ts" time="0">
<properties>
<property name="skip" value="">
</property>
</properties>
<skipped>
</skipped>
</testcase>
</testsuite>
<testsuite name="App Screen Builder/Carousel.spec.ts" timestamp="2025-09-22T14:45:10.663Z" hostname="chromium" tests="4" failures="0" skipped="4" time="0" errors="0">
<testcase name="App Screen Builder - Carousel - News" classname="App Screen Builder/Carousel.spec.ts" time="0">
<properties>
<property name="skip" value="">
</property>
</properties>
<skipped>
</skipped>
</testcase>
<testcase name="App Screen Builder - Carousel - Video Carousel" classname="App Screen Builder/Carousel.spec.ts" time="0">
<properties>
<property name="skip" value="">
</property>
</properties>
<skipped>
</skipped>
</testcase>
<testcase name="App Screen Builder - Carousel - Fixture Carousel (Upcoming)" classname="App Screen Builder/Carousel.spec.ts" time="0">
<properties>
<property name="skip" value="">
</property>
</properties>
<skipped>
</skipped>
</testcase>
<testcase name="App Screen Builder - Carousel - Fixture Carousel (Result)" classname="App Screen Builder/Carousel.spec.ts" time="0">
<properties>
<property name="skip" value="">
</property>
</properties>
<skipped>
</skipped>
</testcase>
</testsuite>
<testsuite name="App Screen Builder/Content.spec.ts" timestamp="2025-09-22T14:45:10.663Z" hostname="chromium" tests="7" failures="0" skipped="7" time="0" errors="0">
<testcase name="App Screen Builder - Content - Text - Left Aligned" classname="App Screen Builder/Content.spec.ts" time="0">
<properties>
<property name="skip" value="">
</property>
</properties>
<skipped>
</skipped>
</testcase>
<testcase name="App Screen Builder - Content - Text - Centre Aligned" classname="App Screen Builder/Content.spec.ts" time="0">
<properties>
<property name="skip" value="">
</property>
</properties>
<skipped>
</skipped>
</testcase>
<testcase name="App Screen Builder - Content - Text - Right Aligned" classname="App Screen Builder/Content.spec.ts" time="0">
<properties>
<property name="skip" value="">
</property>
</properties>
<skipped>
</skipped>
</testcase>
<testcase name="App Screen Builder - Content - Image" classname="App Screen Builder/Content.spec.ts" time="0">
<properties>
<property name="skip" value="">
</property>
</properties>
<skipped>
</skipped>
</testcase>
<testcase name="App Screen Builder - Content - Advert" classname="App Screen Builder/Content.spec.ts" time="0">
<properties>
<property name="skip" value="">
</property>
</properties>
<skipped>
</skipped>
</testcase>
<testcase name="App Screen Builder - Content - Promo" classname="App Screen Builder/Content.spec.ts" time="0">
<properties>
<property name="skip" value="">
</property>
</properties>
<skipped>
</skipped>
</testcase>
<testcase name="App Screen Builder - Content - Button" classname="App Screen Builder/Content.spec.ts" time="0">
<properties>
<property name="skip" value="">
</property>
</properties>
<skipped>
</skipped>
</testcase>
</testsuite>
<testsuite name="App Screen Builder/Section Navigation.spec.ts" timestamp="2025-09-22T14:45:10.663Z" hostname="chromium" tests="12" failures="0" skipped="12" time="0" errors="0">
<testcase name="CMS: Navigate to App Screen Builder and validate Automation tab UI" classname="App Screen Builder/Section Navigation.spec.ts" time="0">
<properties>
<property name="skip" value="">
</property>
</properties>
<skipped>
</skipped>
</testcase>
<testcase name="App Screen Builder - Section Add Section Button" classname="App Screen Builder/Section Navigation.spec.ts" time="0">
<properties>
<property name="skip" value="">
</property>
</properties>
<skipped>
</skipped>
</testcase>
<testcase name="App Screen Builder - Add Mulitple Sections" classname="App Screen Builder/Section Navigation.spec.ts" time="0">
<properties>
<property name="skip" value="">
</property>
</properties>
<skipped>
</skipped>
</testcase>
<testcase name="App Screen Builder - Section Tabs Button" classname="App Screen Builder/Section Navigation.spec.ts" time="0">
<properties>
<property name="skip" value="">
</property>
</properties>
<skipped>
</skipped>
</testcase>
<testcase name="App Screen Builder - Section Arrow Buttons" classname="App Screen Builder/Section Navigation.spec.ts" time="0">
<properties>
<property name="skip" value="">
</property>
</properties>
<skipped>
</skipped>
</testcase>
<testcase name="App Screen Builder - Section Duplicate Button" classname="App Screen Builder/Section Navigation.spec.ts" time="0">
<properties>
<property name="skip" value="">
</property>
</properties>
<skipped>
</skipped>
</testcase>
<testcase name="App Screen Builder - Section Deletion Button" classname="App Screen Builder/Section Navigation.spec.ts" time="0">
<properties>
<property name="skip" value="">
</property>
</properties>
<skipped>
</skipped>
</testcase>
<testcase name="App Screen Builder - Section Title Button" classname="App Screen Builder/Section Navigation.spec.ts" time="0">
<properties>
<property name="skip" value="">
</property>
</properties>
<skipped>
</skipped>
</testcase>
<testcase name="App Screen Builder - Section Add Carousel Option" classname="App Screen Builder/Section Navigation.spec.ts" time="0">
<properties>
<property name="skip" value="">
</property>
</properties>
<skipped>
</skipped>
</testcase>
<testcase name="App Screen Builder - Section Add Single Item Option" classname="App Screen Builder/Section Navigation.spec.ts" time="0">
<properties>
<property name="skip" value="">
</property>
</properties>
<skipped>
</skipped>
</testcase>
<testcase name="App Screen Builder - Section Add List Option" classname="App Screen Builder/Section Navigation.spec.ts" time="0">
<properties>
<property name="skip" value="">
</property>
</properties>
<skipped>
</skipped>
</testcase>
<testcase name="App Screen Builder - Section Add Content Option" classname="App Screen Builder/Section Navigation.spec.ts" time="0">
<properties>
<property name="skip" value="">
</property>
</properties>
<skipped>
</skipped>
</testcase>
</testsuite>
<testsuite name="App Screen Builder/Section Tabs Option.spec.ts" timestamp="2025-09-22T14:45:10.663Z" hostname="chromium" tests="10" failures="0" skipped="10" time="0" errors="0">
<testcase name="App Screen Builder - Section Tabs" classname="App Screen Builder/Section Tabs Option.spec.ts" time="0">
<properties>
<property name="skip" value="">
</property>
</properties>
<skipped>
</skipped>
</testcase>
<testcase name="App Screen Builder - Name Tab" classname="App Screen Builder/Section Tabs Option.spec.ts" time="0">
<properties>
<property name="skip" value="">
</property>
</properties>
<skipped>
</skipped>
</testcase>
<testcase name="App Screen Builder - Moving Tabs" classname="App Screen Builder/Section Tabs Option.spec.ts" time="0">
<properties>
<property name="skip" value="">
</property>
</properties>
<skipped>
</skipped>
</testcase>
<testcase name="App Screen Builder - Deleting Tabs" classname="App Screen Builder/Section Tabs Option.spec.ts" time="0">
<properties>
<property name="skip" value="">
</property>
</properties>
<skipped>
</skipped>
</testcase>
<testcase name="App Screen Builder - Tab Title" classname="App Screen Builder/Section Tabs Option.spec.ts" time="0">
<properties>
<property name="skip" value="">
</property>
</properties>
<skipped>
</skipped>
</testcase>
<testcase name="App Screen Builder - Add Carousel Option" classname="App Screen Builder/Section Tabs Option.spec.ts" time="0">
<properties>
<property name="skip" value="">
</property>
</properties>
<skipped>
</skipped>
</testcase>
<testcase name="App Screen Builder - Tab Add Single Item Option" classname="App Screen Builder/Section Tabs Option.spec.ts" time="0">
<properties>
<property name="skip" value="">
</property>
</properties>
<skipped>
</skipped>
</testcase>
<testcase name="App Screen Builder - Tab Add List Option" classname="App Screen Builder/Section Tabs Option.spec.ts" time="0">
<properties>
<property name="skip" value="">
</property>
</properties>
<skipped>
</skipped>
</testcase>
<testcase name="App Screen Builder - Tab Add Content Option" classname="App Screen Builder/Section Tabs Option.spec.ts" time="0">
<properties>
<property name="skip" value="">
</property>
</properties>
<skipped>
</skipped>
</testcase>
<testcase name="App Screen Builder - Tab Validation" classname="App Screen Builder/Section Tabs Option.spec.ts" time="0">
<properties>
<property name="skip" value="">
</property>
</properties>
<skipped>
</skipped>
</testcase>
</testsuite>
<testsuite name="App Screen Builder/Single List Item.spec.ts" timestamp="2025-09-22T14:45:10.663Z" hostname="chromium" tests="5" failures="0" skipped="5" time="0" errors="0">
<testcase name="App Screen Builder - Single List Item - Upcoming Fixtures" classname="App Screen Builder/Single List Item.spec.ts" time="0">
<properties>
<property name="skip" value="">
</property>
</properties>
<skipped>
</skipped>
</testcase>
<testcase name="App Screen Builder - Single List Item - Fixtures - Results" classname="App Screen Builder/Single List Item.spec.ts" time="0">
<properties>
<property name="skip" value="">
</property>
</properties>
<skipped>
</skipped>
</testcase>
<testcase name="App Screen Builder - Single List Item - News" classname="App Screen Builder/Single List Item.spec.ts" time="0">
<properties>
<property name="skip" value="">
</property>
</properties>
<skipped>
</skipped>
</testcase>
<testcase name="App Screen Builder - Single List Item - Video" classname="App Screen Builder/Single List Item.spec.ts" time="0">
<properties>
<property name="skip" value="">
</property>
</properties>
<skipped>
</skipped>
</testcase>
<testcase name="App Screen Builder - Single List Item - Clean Up Script" classname="App Screen Builder/Single List Item.spec.ts" time="0">
<properties>
<property name="skip" value="">
</property>
</properties>
<skipped>
</skipped>
</testcase>
</testsuite>
<testsuite name="CMS/Ads.spec.ts" timestamp="2025-09-22T14:45:10.663Z" hostname="chromium" tests="1" failures="0" skipped="0" time="6.612" errors="0">
<testcase name="Add Advertising" classname="CMS/Ads.spec.ts" time="6.612">
</testcase>
</testsuite>
<testsuite name="CMS/Dashboard Navigation.spec.ts" timestamp="2025-09-22T14:45:10.663Z" hostname="chromium" tests="1" failures="0" skipped="0" time="2.311" errors="0">
<testcase name="CSM Dashboard Navigation" classname="CMS/Dashboard Navigation.spec.ts" time="2.311">
</testcase>
</testsuite>
<testsuite name="CMS/Login.spec.ts" timestamp="2025-09-22T14:45:10.663Z" hostname="chromium" tests="2" failures="0" skipped="0" time="3.32" errors="0">
<testcase name="Login flow" classname="CMS/Login.spec.ts" time="2.826">
</testcase>
<testcase name="UI Validation" classname="CMS/Login.spec.ts" time="0.494">
</testcase>
</testsuite>
<testsuite name="CMS/PageBuilder Regression.spec.ts" timestamp="2025-09-22T14:45:10.663Z" hostname="chromium" tests="3" failures="0" skipped="0" time="36.564" errors="0">
<testcase name="Regression - Page Builder Creation" classname="CMS/PageBuilder Regression.spec.ts" time="8.244">
<system-out>
<![CDATA[Filling date: 2025/09/22
]]>
</system-out>
</testcase>
<testcase name="Regression - Page Settings" classname="CMS/PageBuilder Regression.spec.ts" time="14.155">
<system-out>
<![CDATA[Searching for date: 2025/09/22
]]>
</system-out>
</testcase>
<testcase name="Regression - Page Management" classname="CMS/PageBuilder Regression.spec.ts" time="14.165">
<system-out>
<![CDATA[Searching for date: 2025/09/22
]]>
</system-out>
</testcase>
</testsuite>
<testsuite name="CMS/Team Management.spec.ts" timestamp="2025-09-22T14:45:10.663Z" hostname="chromium" tests="3" failures="0" skipped="0" time="22.887" errors="0">
<testcase name="Player Sponsors &gt; Team Management &gt; Current Squad " classname="CMS/Team Management.spec.ts" time="10.172">
</testcase>
<testcase name="Player Profile Sponsors &gt; Fanside Validation" classname="CMS/Team Management.spec.ts" time="8.955">
</testcase>
<testcase name="Team Profile Sponsors &gt; Fanside Validation" classname="CMS/Team Management.spec.ts" time="3.76">
</testcase>
</testsuite>
<testsuite name="Fanside/Fanside Checkout Stripe.spec.ts" timestamp="2025-09-22T14:45:10.663Z" hostname="chromium" tests="6" failures="0" skipped="0" time="89.014" errors="0">
<testcase name="Tranmere - Login and Validate" classname="Fanside/Fanside Checkout Stripe.spec.ts" time="23.403">
</testcase>
<testcase name="Walsall FC - Login and Validate" classname="Fanside/Fanside Checkout Stripe.spec.ts" time="20.447">
<system-out>
<![CDATA[✅ Splash screen closed
]]>
</system-out>
</testcase>
<testcase name="Portsmouth FC - Login and Validate" classname="Fanside/Fanside Checkout Stripe.spec.ts" time="11.045">
<system-out>
<![CDATA[⚠️ Splash screen not found, skipping...
⚠️ Splash screen not found, skipping...
]]>
</system-out>
</testcase>
<testcase name="Notts County FC - Login and Validate" classname="Fanside/Fanside Checkout Stripe.spec.ts" time="11.527">
</testcase>
<testcase name="AFC Wimbledon - Login and Validate" classname="Fanside/Fanside Checkout Stripe.spec.ts" time="12.28">
<system-out>
<![CDATA[Element not visible, skipping click.
]]>
</system-out>
</testcase>
<testcase name="Oldham Athletic AFC - Login and Validate" classname="Fanside/Fanside Checkout Stripe.spec.ts" time="10.312">
</testcase>
</testsuite>
<testsuite name="Fanside/Fanside Match Centre.spec.ts" timestamp="2025-09-22T14:45:10.663Z" hostname="chromium" tests="29" failures="0" skipped="5" time="130.801" errors="0">
<testcase name="Match Centre - Fixtures" classname="Fanside/Fanside Match Centre.spec.ts" time="10.084">
<system-out>
<![CDATA[[Preview] Accepted cookies
[Preview] Burger menu opened
✅ PASS: [Preview] Matches tab visible
✅ PASS: [Preview] "Matches" text in page container
✅ PASS: [Preview] Matches heading visible
[Preview] Captured Matches route: /matches
✅ PASS: [Preview] Carousel tabs visible
✅ PASS: [Preview] Season dropdown
✅ PASS: [Preview] Fixtures/Results table text
[Prod] Accepted cookies
[Prod] Burger menu opened
✅ PASS: [Prod] Matches tab visible
✅ PASS: [Prod] "Matches" text in page container
✅ PASS: [Prod] Matches heading visible
[Prod] Captured Matches route: /matches
✅ PASS: [Prod] Carousel tabs visible
✅ PASS: [Prod] Season dropdown
✅ PASS: [Prod] Fixtures/Results table text
✅ PASS: Preview route captured
✅ PASS: Prod route captured
✅ PASS: Preview vs Prod route parity
✅ Route parity confirmed: /matches
]]>
</system-out>
</testcase>
<testcase name="Match Centre - Results" classname="Fanside/Fanside Match Centre.spec.ts" time="4.875">
<system-out>
<![CDATA[[Preview] Navigating to https://livepreview.evertonfc.com/matches/men/2025/g2561930
✅ PASS: [Preview] Route path is /matches/men/2025/g2561930
✅ PASS: [Preview] Hero/date block
✅ PASS: [Preview] Scoreline + meta
✅ PASS: [Preview] FT/HT confirmation
✅ PASS: [Preview] Venue text
✅ PASS: [Preview] Competition tag
[Preview] Summary: {
  venue: [32m'Hill Dickinson Stadium'[39m,
  hasMenTag: [33mtrue[39m,
  hasFT: [33mtrue[39m,
  hasHTScore: [33mtrue[39m
}
[Prod] Navigating to https://www.evertonfc.com/matches/men/2025/g2561930
✅ PASS: [Prod] Route path is /matches/men/2025/g2561930
✅ PASS: [Prod] Hero/date block
✅ PASS: [Prod] Scoreline + meta
✅ PASS: [Prod] FT/HT confirmation
✅ PASS: [Prod] Venue text
✅ PASS: [Prod] Competition tag
[Prod] Summary: {
  venue: [32m'Hill Dickinson Stadium'[39m,
  hasMenTag: [33mtrue[39m,
  hasFT: [33mtrue[39m,
  hasHTScore: [33mtrue[39m
}
✅ PASS: Venue parity (Hill Dickinson Stadium)
✅ PASS: Competition tag parity ("Men")
✅ PASS: Full-time indicator parity ("FT")
✅ PASS: Half-time score parity ("HT 0 - 0")
✅ Parity checks complete for /matches/men/2025/g2561930
]]>
</system-out>
</testcase>
<testcase name="Match Centre - Mens Team " classname="Fanside/Fanside Match Centre.spec.ts" time="8.268">
<system-out>
<![CDATA[[Preview] Navigating to: https://livepreview.evertonfc.com/matches
✅ PASS: [Preview] Men tab selected by default
✅ PASS: [Preview] Women tab selected after click
✅ PASS: [Preview] U21 tab selected after click
✅ PASS: [Preview] U18 tab selected after click
[Prod] Navigating to: https://www.evertonfc.com/matches
✅ PASS: [Prod] Men tab selected by default
✅ PASS: [Prod] Women tab selected after click
✅ PASS: [Prod] U21 tab selected after click
✅ PASS: [Prod] U18 tab selected after click
]]>
</system-out>
</testcase>
<testcase name="Match Centre - Mens Team - Fixtures" classname="Fanside/Fanside Match Centre.spec.ts" time="7.966">
<system-out>
<![CDATA[📅 September: found 68 fixtures
   • Wolverhampton Wanderers — Molineux Stadium
   • Wolverhampton Wanderers — Molineux Stadium
   • West Ham United — West Ham United

Hill Dickinson Stadium
   • West Ham United — Hill Dickinson Stadium
   • Crystal Palace — Crystal Palace

Hill Dickinson Stadium
   • Crystal Palace — Hill Dickinson Stadium
   • Manchester City — Manchester City

Etihad Stadium
   • Manchester City — Etihad Stadium
   • Tottenham Hotspur — Tottenham Hotspur

Hill Dickinson Stadium
   • Tottenham Hotspur — Hill Dickinson Stadium
   • Sunderland — Sunderland

Stadium of Light
   • Sunderland — Stadium of Light
   • Fulham — Fulham

Hill Dickinson Stadium
   • Fulham — Hill Dickinson Stadium
   • Manchester United — Manchester United

Old Trafford
   • Manchester United — Old Trafford
   • Newcastle United — Newcastle United

Hill Dickinson Stadium
   • Newcastle United — Hill Dickinson Stadium
   • Bournemouth — Bournemouth

Vitality Stadium
   • Bournemouth — Vitality Stadium
   • Nottingham Forest — Nottingham Forest

Hill Dickinson Stadium
   • Nottingham Forest — Hill Dickinson Stadium
   • Chelsea — Chelsea

Stamford Bridge
   • Chelsea — Stamford Bridge
   • Arsenal — Arsenal

Hill Dickinson Stadium
   • Arsenal — Hill Dickinson Stadium
   • Burnley — Burnley

Turf Moor
   • Burnley — Turf Moor
   • Nottingham Forest — Nottingham Forest

The City Ground
   • Nottingham Forest — The City Ground
   • Brentford — Brentford

Hill Dickinson Stadium
   • Brentford — Hill Dickinson Stadium
   • Wolverhampton Wanderers — Wolverhampton Wanderers

Hill Dickinson Stadium
   • Wolverhampton Wanderers — Hill Dickinson Stadium
   • Aston Villa — Aston Villa

Villa Park
   • Aston Villa — Villa Park
   • Leeds United — Leeds United

Hill Dickinson Stadium
   • Leeds United — Hill Dickinson Stadium
   • Brighton and Hove Albion — Brighton and Hove Albion

American Express Stadium
   • Brighton and Hove Albion — American Express Stadium
   • Fulham — Fulham

Craven Cottage
   • Fulham — Craven Cottage
   • Bournemouth — Bournemouth

Hill Dickinson Stadium
   • Bournemouth — Hill Dickinson Stadium
   • Manchester United — Manchester United

Hill Dickinson Stadium
   • Manchester United — Hill Dickinson Stadium
   • Newcastle United — Newcastle United

St. James' Park
   • Newcastle United — St. James' Park
   • Burnley — Burnley

Hill Dickinson Stadium
   • Burnley — Hill Dickinson Stadium
   • Arsenal — Arsenal

Emirates Stadium
   • Arsenal — Emirates Stadium
   • Chelsea — Chelsea

Hill Dickinson Stadium
   • Chelsea — Hill Dickinson Stadium
   • Brentford — Brentford

Gtech Community Stadium
   • Brentford — Gtech Community Stadium
   • Liverpool — Liverpool

Hill Dickinson Stadium
   • Liverpool — Hill Dickinson Stadium
   • West Ham United — West Ham United

London Stadium
   • West Ham United — London Stadium
   • Manchester City — Manchester City

Hill Dickinson Stadium
   • Manchester City — Hill Dickinson Stadium
   • Crystal Palace — Crystal Palace

Selhurst Park
   • Crystal Palace — Selhurst Park
   • Sunderland — Sunderland

Hill Dickinson Stadium
   • Sunderland — Hill Dickinson Stadium
   • Tottenham Hotspur — Tottenham Hotspur

Tottenham Hotspur Stadium
   • Tottenham Hotspur — Tottenham Hotspur Stadium
✅  September validation: /Wolverhampton Wanderers/i @ /Molineux Stadium/i
✅  September validation: /West Ham United/i @ /Hill Dickinson Stadium/i
📅 October: found 68 fixtures
   • Wolverhampton Wanderers — Molineux Stadium
   • Wolverhampton Wanderers — Molineux Stadium
   • West Ham United — West Ham United

Hill Dickinson Stadium
   • West Ham United — Hill Dickinson Stadium
   • Crystal Palace — Crystal Palace

Hill Dickinson Stadium
   • Crystal Palace — Hill Dickinson Stadium
   • Manchester City — Manchester City

Etihad Stadium
   • Manchester City — Etihad Stadium
   • Tottenham Hotspur — Tottenham Hotspur

Hill Dickinson Stadium
   • Tottenham Hotspur — Hill Dickinson Stadium
   • Sunderland — Sunderland

Stadium of Light
   • Sunderland — Stadium of Light
   • Fulham — Fulham

Hill Dickinson Stadium
   • Fulham — Hill Dickinson Stadium
   • Manchester United — Manchester United

Old Trafford
   • Manchester United — Old Trafford
   • Newcastle United — Newcastle United

Hill Dickinson Stadium
   • Newcastle United — Hill Dickinson Stadium
   • Bournemouth — Bournemouth

Vitality Stadium
   • Bournemouth — Vitality Stadium
   • Nottingham Forest — Nottingham Forest

Hill Dickinson Stadium
   • Nottingham Forest — Hill Dickinson Stadium
   • Chelsea — Chelsea

Stamford Bridge
   • Chelsea — Stamford Bridge
   • Arsenal — Arsenal

Hill Dickinson Stadium
   • Arsenal — Hill Dickinson Stadium
   • Burnley — Burnley

Turf Moor
   • Burnley — Turf Moor
   • Nottingham Forest — Nottingham Forest

The City Ground
   • Nottingham Forest — The City Ground
   • Brentford — Brentford

Hill Dickinson Stadium
   • Brentford — Hill Dickinson Stadium
   • Wolverhampton Wanderers — Wolverhampton Wanderers

Hill Dickinson Stadium
   • Wolverhampton Wanderers — Hill Dickinson Stadium
   • Aston Villa — Aston Villa

Villa Park
   • Aston Villa — Villa Park
   • Leeds United — Leeds United

Hill Dickinson Stadium
   • Leeds United — Hill Dickinson Stadium
   • Brighton and Hove Albion — Brighton and Hove Albion

American Express Stadium
   • Brighton and Hove Albion — American Express Stadium
   • Fulham — Fulham

Craven Cottage
   • Fulham — Craven Cottage
   • Bournemouth — Bournemouth

Hill Dickinson Stadium
   • Bournemouth — Hill Dickinson Stadium
   • Manchester United — Manchester United

Hill Dickinson Stadium
   • Manchester United — Hill Dickinson Stadium
   • Newcastle United — Newcastle United

St. James' Park
   • Newcastle United — St. James' Park
   • Burnley — Burnley

Hill Dickinson Stadium
   • Burnley — Hill Dickinson Stadium
   • Arsenal — Arsenal

Emirates Stadium
   • Arsenal — Emirates Stadium
   • Chelsea — Chelsea

Hill Dickinson Stadium
   • Chelsea — Hill Dickinson Stadium
   • Brentford — Brentford

Gtech Community Stadium
   • Brentford — Gtech Community Stadium
   • Liverpool — Liverpool

Hill Dickinson Stadium
   • Liverpool — Hill Dickinson Stadium
   • West Ham United — West Ham United

London Stadium
   • West Ham United — London Stadium
   • Manchester City — Manchester City

Hill Dickinson Stadium
   • Manchester City — Hill Dickinson Stadium
   • Crystal Palace — Crystal Palace

Selhurst Park
   • Crystal Palace — Selhurst Park
   • Sunderland — Sunderland

Hill Dickinson Stadium
   • Sunderland — Hill Dickinson Stadium
   • Tottenham Hotspur — Tottenham Hotspur

Tottenham Hotspur Stadium
   • Tottenham Hotspur — Tottenham Hotspur Stadium
✅  October validation: /Crystal Palace/i @ /Hill Dickinson Stadium/i
✅  October validation: /Manchester City/i @ /Etihad Stadium/i
✅  October validation: /Tottenham Hotspur/i @ /Hill Dickinson Stadium/i
📅 November: found 68 fixtures
   • Wolverhampton Wanderers — Molineux Stadium
   • Wolverhampton Wanderers — Molineux Stadium
   • West Ham United — West Ham United

Hill Dickinson Stadium
   • West Ham United — Hill Dickinson Stadium
   • Crystal Palace — Crystal Palace

Hill Dickinson Stadium
   • Crystal Palace — Hill Dickinson Stadium
   • Manchester City — Manchester City

Etihad Stadium
   • Manchester City — Etihad Stadium
   • Tottenham Hotspur — Tottenham Hotspur

Hill Dickinson Stadium
   • Tottenham Hotspur — Hill Dickinson Stadium
   • Sunderland — Sunderland

Stadium of Light
   • Sunderland — Stadium of Light
   • Fulham — Fulham

Hill Dickinson Stadium
   • Fulham — Hill Dickinson Stadium
   • Manchester United — Manchester United

Old Trafford
   • Manchester United — Old Trafford
   • Newcastle United — Newcastle United

Hill Dickinson Stadium
   • Newcastle United — Hill Dickinson Stadium
   • Bournemouth — Bournemouth

Vitality Stadium
   • Bournemouth — Vitality Stadium
   • Nottingham Forest — Nottingham Forest

Hill Dickinson Stadium
   • Nottingham Forest — Hill Dickinson Stadium
   • Chelsea — Chelsea

Stamford Bridge
   • Chelsea — Stamford Bridge
   • Arsenal — Arsenal

Hill Dickinson Stadium
   • Arsenal — Hill Dickinson Stadium
   • Burnley — Burnley

Turf Moor
   • Burnley — Turf Moor
   • Nottingham Forest — Nottingham Forest

The City Ground
   • Nottingham Forest — The City Ground
   • Brentford — Brentford

Hill Dickinson Stadium
   • Brentford — Hill Dickinson Stadium
   • Wolverhampton Wanderers — Wolverhampton Wanderers

Hill Dickinson Stadium
   • Wolverhampton Wanderers — Hill Dickinson Stadium
   • Aston Villa — Aston Villa

Villa Park
   • Aston Villa — Villa Park
   • Leeds United — Leeds United

Hill Dickinson Stadium
   • Leeds United — Hill Dickinson Stadium
   • Brighton and Hove Albion — Brighton and Hove Albion

American Express Stadium
   • Brighton and Hove Albion — American Express Stadium
   • Fulham — Fulham

Craven Cottage
   • Fulham — Craven Cottage
   • Bournemouth — Bournemouth

Hill Dickinson Stadium
   • Bournemouth — Hill Dickinson Stadium
   • Manchester United — Manchester United

Hill Dickinson Stadium
   • Manchester United — Hill Dickinson Stadium
   • Newcastle United — Newcastle United

St. James' Park
   • Newcastle United — St. James' Park
   • Burnley — Burnley

Hill Dickinson Stadium
   • Burnley — Hill Dickinson Stadium
   • Arsenal — Arsenal

Emirates Stadium
   • Arsenal — Emirates Stadium
   • Chelsea — Chelsea

Hill Dickinson Stadium
   • Chelsea — Hill Dickinson Stadium
   • Brentford — Brentford

Gtech Community Stadium
   • Brentford — Gtech Community Stadium
   • Liverpool — Liverpool

Hill Dickinson Stadium
   • Liverpool — Hill Dickinson Stadium
   • West Ham United — West Ham United

London Stadium
   • West Ham United — London Stadium
   • Manchester City — Manchester City

Hill Dickinson Stadium
   • Manchester City — Hill Dickinson Stadium
   • Crystal Palace — Crystal Palace

Selhurst Park
   • Crystal Palace — Selhurst Park
   • Sunderland — Sunderland

Hill Dickinson Stadium
   • Sunderland — Hill Dickinson Stadium
   • Tottenham Hotspur — Tottenham Hotspur

Tottenham Hotspur Stadium
   • Tottenham Hotspur — Tottenham Hotspur Stadium
✅  November validation: /Sunderland/i @ /Stadium of Light/i
✅  November validation: /Fulham/i @ /Hill Dickinson Stadium/i
✅  November validation: /Manchester United/i @ /Old Trafford/i
✅  November validation: /Newcastle United/i @ /Hill Dickinson Stadium/i
📅 December: found 68 fixtures
   • Wolverhampton Wanderers — Molineux Stadium
   • Wolverhampton Wanderers — Molineux Stadium
   • West Ham United — West Ham United

Hill Dickinson Stadium
   • West Ham United — Hill Dickinson Stadium
   • Crystal Palace — Crystal Palace

Hill Dickinson Stadium
   • Crystal Palace — Hill Dickinson Stadium
   • Manchester City — Manchester City

Etihad Stadium
   • Manchester City — Etihad Stadium
   • Tottenham Hotspur — Tottenham Hotspur

Hill Dickinson Stadium
   • Tottenham Hotspur — Hill Dickinson Stadium
   • Sunderland — Sunderland

Stadium of Light
   • Sunderland — Stadium of Light
   • Fulham — Fulham

Hill Dickinson Stadium
   • Fulham — Hill Dickinson Stadium
   • Manchester United — Manchester United

Old Trafford
   • Manchester United — Old Trafford
   • Newcastle United — Newcastle United

Hill Dickinson Stadium
   • Newcastle United — Hill Dickinson Stadium
   • Bournemouth — Bournemouth

Vitality Stadium
   • Bournemouth — Vitality Stadium
   • Nottingham Forest — Nottingham Forest

Hill Dickinson Stadium
   • Nottingham Forest — Hill Dickinson Stadium
   • Chelsea — Chelsea

Stamford Bridge
   • Chelsea — Stamford Bridge
   • Arsenal — Arsenal

Hill Dickinson Stadium
   • Arsenal — Hill Dickinson Stadium
   • Burnley — Burnley

Turf Moor
   • Burnley — Turf Moor
   • Nottingham Forest — Nottingham Forest

The City Ground
   • Nottingham Forest — The City Ground
   • Brentford — Brentford

Hill Dickinson Stadium
   • Brentford — Hill Dickinson Stadium
   • Wolverhampton Wanderers — Wolverhampton Wanderers

Hill Dickinson Stadium
   • Wolverhampton Wanderers — Hill Dickinson Stadium
   • Aston Villa — Aston Villa

Villa Park
   • Aston Villa — Villa Park
   • Leeds United — Leeds United

Hill Dickinson Stadium
   • Leeds United — Hill Dickinson Stadium
   • Brighton and Hove Albion — Brighton and Hove Albion

American Express Stadium
   • Brighton and Hove Albion — American Express Stadium
   • Fulham — Fulham

Craven Cottage
   • Fulham — Craven Cottage
   • Bournemouth — Bournemouth

Hill Dickinson Stadium
   • Bournemouth — Hill Dickinson Stadium
   • Manchester United — Manchester United

Hill Dickinson Stadium
   • Manchester United — Hill Dickinson Stadium
   • Newcastle United — Newcastle United

St. James' Park
   • Newcastle United — St. James' Park
   • Burnley — Burnley

Hill Dickinson Stadium
   • Burnley — Hill Dickinson Stadium
   • Arsenal — Arsenal

Emirates Stadium
   • Arsenal — Emirates Stadium
   • Chelsea — Chelsea

Hill Dickinson Stadium
   • Chelsea — Hill Dickinson Stadium
   • Brentford — Brentford

Gtech Community Stadium
   • Brentford — Gtech Community Stadium
   • Liverpool — Liverpool

Hill Dickinson Stadium
   • Liverpool — Hill Dickinson Stadium
   • West Ham United — West Ham United

London Stadium
   • West Ham United — London Stadium
   • Manchester City — Manchester City

Hill Dickinson Stadium
   • Manchester City — Hill Dickinson Stadium
   • Crystal Palace — Crystal Palace

Selhurst Park
   • Crystal Palace — Selhurst Park
   • Sunderland — Sunderland

Hill Dickinson Stadium
   • Sunderland — Hill Dickinson Stadium
   • Tottenham Hotspur — Tottenham Hotspur

Tottenham Hotspur Stadium
   • Tottenham Hotspur — Tottenham Hotspur Stadium
✅  December validation: /Bournemouth/i @ /Vitality Stadium/i
✅  December validation: /Nottingham Forest/i @ /Hill Dickinson Stadium/i
✅  December validation: /Chelsea/i @ /Stamford Bridge/i
✅  December validation: /Arsenal/i @ /Hill Dickinson Stadium/i
✅  December validation: /Burnley/i @ /Turf Moor/i
✅  December validation: /Nottingham Forest/i @ /The City Ground/i
📅 January: found 68 fixtures
   • Wolverhampton Wanderers — Molineux Stadium
   • Wolverhampton Wanderers — Molineux Stadium
   • West Ham United — West Ham United

Hill Dickinson Stadium
   • West Ham United — Hill Dickinson Stadium
   • Crystal Palace — Crystal Palace

Hill Dickinson Stadium
   • Crystal Palace — Hill Dickinson Stadium
   • Manchester City — Manchester City

Etihad Stadium
   • Manchester City — Etihad Stadium
   • Tottenham Hotspur — Tottenham Hotspur

Hill Dickinson Stadium
   • Tottenham Hotspur — Hill Dickinson Stadium
   • Sunderland — Sunderland

Stadium of Light
   • Sunderland — Stadium of Light
   • Fulham — Fulham

Hill Dickinson Stadium
   • Fulham — Hill Dickinson Stadium
   • Manchester United — Manchester United

Old Trafford
   • Manchester United — Old Trafford
   • Newcastle United — Newcastle United

Hill Dickinson Stadium
   • Newcastle United — Hill Dickinson Stadium
   • Bournemouth — Bournemouth

Vitality Stadium
   • Bournemouth — Vitality Stadium
   • Nottingham Forest — Nottingham Forest

Hill Dickinson Stadium
   • Nottingham Forest — Hill Dickinson Stadium
   • Chelsea — Chelsea

Stamford Bridge
   • Chelsea — Stamford Bridge
   • Arsenal — Arsenal

Hill Dickinson Stadium
   • Arsenal — Hill Dickinson Stadium
   • Burnley — Burnley

Turf Moor
   • Burnley — Turf Moor
   • Nottingham Forest — Nottingham Forest

The City Ground
   • Nottingham Forest — The City Ground
   • Brentford — Brentford

Hill Dickinson Stadium
   • Brentford — Hill Dickinson Stadium
   • Wolverhampton Wanderers — Wolverhampton Wanderers

Hill Dickinson Stadium
   • Wolverhampton Wanderers — Hill Dickinson Stadium
   • Aston Villa — Aston Villa

Villa Park
   • Aston Villa — Villa Park
   • Leeds United — Leeds United

Hill Dickinson Stadium
   • Leeds United — Hill Dickinson Stadium
   • Brighton and Hove Albion — Brighton and Hove Albion

American Express Stadium
   • Brighton and Hove Albion — American Express Stadium
   • Fulham — Fulham

Craven Cottage
   • Fulham — Craven Cottage
   • Bournemouth — Bournemouth

Hill Dickinson Stadium
   • Bournemouth — Hill Dickinson Stadium
   • Manchester United — Manchester United

Hill Dickinson Stadium
   • Manchester United — Hill Dickinson Stadium
   • Newcastle United — Newcastle United

St. James' Park
   • Newcastle United — St. James' Park
   • Burnley — Burnley

Hill Dickinson Stadium
   • Burnley — Hill Dickinson Stadium
   • Arsenal — Arsenal

Emirates Stadium
   • Arsenal — Emirates Stadium
   • Chelsea — Chelsea

Hill Dickinson Stadium
   • Chelsea — Hill Dickinson Stadium
   • Brentford — Brentford

Gtech Community Stadium
   • Brentford — Gtech Community Stadium
   • Liverpool — Liverpool

Hill Dickinson Stadium
   • Liverpool — Hill Dickinson Stadium
   • West Ham United — West Ham United

London Stadium
   • West Ham United — London Stadium
   • Manchester City — Manchester City

Hill Dickinson Stadium
   • Manchester City — Hill Dickinson Stadium
   • Crystal Palace — Crystal Palace

Selhurst Park
   • Crystal Palace — Selhurst Park
   • Sunderland — Sunderland

Hill Dickinson Stadium
   • Sunderland — Hill Dickinson Stadium
   • Tottenham Hotspur — Tottenham Hotspur

Tottenham Hotspur Stadium
   • Tottenham Hotspur — Tottenham Hotspur Stadium
✅  January validation: /Brentford/i @ /Hill Dickinson Stadium/i
✅  January validation: /Wolverhampton Wanderers/i @ /Hill Dickinson Stadium/i
✅  January validation: /Aston Villa/i @ /Villa Park/i
✅  January validation: /Leeds United/i @ /Hill Dickinson Stadium/i
✅  January validation: /Brighton and Hove Albion/i @ /American Express Stadium/i
📅 February: found 68 fixtures
   • Wolverhampton Wanderers — Molineux Stadium
   • Wolverhampton Wanderers — Molineux Stadium
   • West Ham United — West Ham United

Hill Dickinson Stadium
   • West Ham United — Hill Dickinson Stadium
   • Crystal Palace — Crystal Palace

Hill Dickinson Stadium
   • Crystal Palace — Hill Dickinson Stadium
   • Manchester City — Manchester City

Etihad Stadium
   • Manchester City — Etihad Stadium
   • Tottenham Hotspur — Tottenham Hotspur

Hill Dickinson Stadium
   • Tottenham Hotspur — Hill Dickinson Stadium
   • Sunderland — Sunderland

Stadium of Light
   • Sunderland — Stadium of Light
   • Fulham — Fulham

Hill Dickinson Stadium
   • Fulham — Hill Dickinson Stadium
   • Manchester United — Manchester United

Old Trafford
   • Manchester United — Old Trafford
   • Newcastle United — Newcastle United

Hill Dickinson Stadium
   • Newcastle United — Hill Dickinson Stadium
   • Bournemouth — Bournemouth

Vitality Stadium
   • Bournemouth — Vitality Stadium
   • Nottingham Forest — Nottingham Forest

Hill Dickinson Stadium
   • Nottingham Forest — Hill Dickinson Stadium
   • Chelsea — Chelsea

Stamford Bridge
   • Chelsea — Stamford Bridge
   • Arsenal — Arsenal

Hill Dickinson Stadium
   • Arsenal — Hill Dickinson Stadium
   • Burnley — Burnley

Turf Moor
   • Burnley — Turf Moor
   • Nottingham Forest — Nottingham Forest

The City Ground
   • Nottingham Forest — The City Ground
   • Brentford — Brentford

Hill Dickinson Stadium
   • Brentford — Hill Dickinson Stadium
   • Wolverhampton Wanderers — Wolverhampton Wanderers

Hill Dickinson Stadium
   • Wolverhampton Wanderers — Hill Dickinson Stadium
   • Aston Villa — Aston Villa

Villa Park
   • Aston Villa — Villa Park
   • Leeds United — Leeds United

Hill Dickinson Stadium
   • Leeds United — Hill Dickinson Stadium
   • Brighton and Hove Albion — Brighton and Hove Albion

American Express Stadium
   • Brighton and Hove Albion — American Express Stadium
   • Fulham — Fulham

Craven Cottage
   • Fulham — Craven Cottage
   • Bournemouth — Bournemouth

Hill Dickinson Stadium
   • Bournemouth — Hill Dickinson Stadium
   • Manchester United — Manchester United

Hill Dickinson Stadium
   • Manchester United — Hill Dickinson Stadium
   • Newcastle United — Newcastle United

St. James' Park
   • Newcastle United — St. James' Park
   • Burnley — Burnley

Hill Dickinson Stadium
   • Burnley — Hill Dickinson Stadium
   • Arsenal — Arsenal

Emirates Stadium
   • Arsenal — Emirates Stadium
   • Chelsea — Chelsea

Hill Dickinson Stadium
   • Chelsea — Hill Dickinson Stadium
   • Brentford — Brentford

Gtech Community Stadium
   • Brentford — Gtech Community Stadium
   • Liverpool — Liverpool

Hill Dickinson Stadium
   • Liverpool — Hill Dickinson Stadium
   • West Ham United — West Ham United

London Stadium
   • West Ham United — London Stadium
   • Manchester City — Manchester City

Hill Dickinson Stadium
   • Manchester City — Hill Dickinson Stadium
   • Crystal Palace — Crystal Palace

Selhurst Park
   • Crystal Palace — Selhurst Park
   • Sunderland — Sunderland

Hill Dickinson Stadium
   • Sunderland — Hill Dickinson Stadium
   • Tottenham Hotspur — Tottenham Hotspur

Tottenham Hotspur Stadium
   • Tottenham Hotspur — Tottenham Hotspur Stadium
✅  February validation: /Fulham/i @ /Craven Cottage/i
✅  February validation: /Bournemouth/i @ /Hill Dickinson Stadium/i
✅  February validation: /Manchester United/i @ /Hill Dickinson Stadium/i
✅  February validation: /Newcastle United/i @ /St\.? James'? Park/i
📅 March: found 68 fixtures
   • Wolverhampton Wanderers — Molineux Stadium
   • Wolverhampton Wanderers — Molineux Stadium
   • West Ham United — West Ham United

Hill Dickinson Stadium
   • West Ham United — Hill Dickinson Stadium
   • Crystal Palace — Crystal Palace

Hill Dickinson Stadium
   • Crystal Palace — Hill Dickinson Stadium
   • Manchester City — Manchester City

Etihad Stadium
   • Manchester City — Etihad Stadium
   • Tottenham Hotspur — Tottenham Hotspur

Hill Dickinson Stadium
   • Tottenham Hotspur — Hill Dickinson Stadium
   • Sunderland — Sunderland

Stadium of Light
   • Sunderland — Stadium of Light
   • Fulham — Fulham

Hill Dickinson Stadium
   • Fulham — Hill Dickinson Stadium
   • Manchester United — Manchester United

Old Trafford
   • Manchester United — Old Trafford
   • Newcastle United — Newcastle United

Hill Dickinson Stadium
   • Newcastle United — Hill Dickinson Stadium
   • Bournemouth — Bournemouth

Vitality Stadium
   • Bournemouth — Vitality Stadium
   • Nottingham Forest — Nottingham Forest

Hill Dickinson Stadium
   • Nottingham Forest — Hill Dickinson Stadium
   • Chelsea — Chelsea

Stamford Bridge
   • Chelsea — Stamford Bridge
   • Arsenal — Arsenal

Hill Dickinson Stadium
   • Arsenal — Hill Dickinson Stadium
   • Burnley — Burnley

Turf Moor
   • Burnley — Turf Moor
   • Nottingham Forest — Nottingham Forest

The City Ground
   • Nottingham Forest — The City Ground
   • Brentford — Brentford

Hill Dickinson Stadium
   • Brentford — Hill Dickinson Stadium
   • Wolverhampton Wanderers — Wolverhampton Wanderers

Hill Dickinson Stadium
   • Wolverhampton Wanderers — Hill Dickinson Stadium
   • Aston Villa — Aston Villa

Villa Park
   • Aston Villa — Villa Park
   • Leeds United — Leeds United

Hill Dickinson Stadium
   • Leeds United — Hill Dickinson Stadium
   • Brighton and Hove Albion — Brighton and Hove Albion

American Express Stadium
   • Brighton and Hove Albion — American Express Stadium
   • Fulham — Fulham

Craven Cottage
   • Fulham — Craven Cottage
   • Bournemouth — Bournemouth

Hill Dickinson Stadium
   • Bournemouth — Hill Dickinson Stadium
   • Manchester United — Manchester United

Hill Dickinson Stadium
   • Manchester United — Hill Dickinson Stadium
   • Newcastle United — Newcastle United

St. James' Park
   • Newcastle United — St. James' Park
   • Burnley — Burnley

Hill Dickinson Stadium
   • Burnley — Hill Dickinson Stadium
   • Arsenal — Arsenal

Emirates Stadium
   • Arsenal — Emirates Stadium
   • Chelsea — Chelsea

Hill Dickinson Stadium
   • Chelsea — Hill Dickinson Stadium
   • Brentford — Brentford

Gtech Community Stadium
   • Brentford — Gtech Community Stadium
   • Liverpool — Liverpool

Hill Dickinson Stadium
   • Liverpool — Hill Dickinson Stadium
   • West Ham United — West Ham United

London Stadium
   • West Ham United — London Stadium
   • Manchester City — Manchester City

Hill Dickinson Stadium
   • Manchester City — Hill Dickinson Stadium
   • Crystal Palace — Crystal Palace

Selhurst Park
   • Crystal Palace — Selhurst Park
   • Sunderland — Sunderland

Hill Dickinson Stadium
   • Sunderland — Hill Dickinson Stadium
   • Tottenham Hotspur — Tottenham Hotspur

Tottenham Hotspur Stadium
   • Tottenham Hotspur — Tottenham Hotspur Stadium
✅  March validation: /Burnley/i @ /Hill Dickinson Stadium/i
✅  March validation: /Arsenal/i @ /Emirates Stadium/i
✅  March validation: /Chelsea/i @ /Hill Dickinson Stadium/i
📅 April: found 68 fixtures
   • Wolverhampton Wanderers — Molineux Stadium
   • Wolverhampton Wanderers — Molineux Stadium
   • West Ham United — West Ham United

Hill Dickinson Stadium
   • West Ham United — Hill Dickinson Stadium
   • Crystal Palace — Crystal Palace

Hill Dickinson Stadium
   • Crystal Palace — Hill Dickinson Stadium
   • Manchester City — Manchester City

Etihad Stadium
   • Manchester City — Etihad Stadium
   • Tottenham Hotspur — Tottenham Hotspur

Hill Dickinson Stadium
   • Tottenham Hotspur — Hill Dickinson Stadium
   • Sunderland — Sunderland

Stadium of Light
   • Sunderland — Stadium of Light
   • Fulham — Fulham

Hill Dickinson Stadium
   • Fulham — Hill Dickinson Stadium
   • Manchester United — Manchester United

Old Trafford
   • Manchester United — Old Trafford
   • Newcastle United — Newcastle United

Hill Dickinson Stadium
   • Newcastle United — Hill Dickinson Stadium
   • Bournemouth — Bournemouth

Vitality Stadium
   • Bournemouth — Vitality Stadium
   • Nottingham Forest — Nottingham Forest

Hill Dickinson Stadium
   • Nottingham Forest — Hill Dickinson Stadium
   • Chelsea — Chelsea

Stamford Bridge
   • Chelsea — Stamford Bridge
   • Arsenal — Arsenal

Hill Dickinson Stadium
   • Arsenal — Hill Dickinson Stadium
   • Burnley — Burnley

Turf Moor
   • Burnley — Turf Moor
   • Nottingham Forest — Nottingham Forest

The City Ground
   • Nottingham Forest — The City Ground
   • Brentford — Brentford

Hill Dickinson Stadium
   • Brentford — Hill Dickinson Stadium
   • Wolverhampton Wanderers — Wolverhampton Wanderers

Hill Dickinson Stadium
   • Wolverhampton Wanderers — Hill Dickinson Stadium
   • Aston Villa — Aston Villa

Villa Park
   • Aston Villa — Villa Park
   • Leeds United — Leeds United

Hill Dickinson Stadium
   • Leeds United — Hill Dickinson Stadium
   • Brighton and Hove Albion — Brighton and Hove Albion

American Express Stadium
   • Brighton and Hove Albion — American Express Stadium
   • Fulham — Fulham

Craven Cottage
   • Fulham — Craven Cottage
   • Bournemouth — Bournemouth

Hill Dickinson Stadium
   • Bournemouth — Hill Dickinson Stadium
   • Manchester United — Manchester United

Hill Dickinson Stadium
   • Manchester United — Hill Dickinson Stadium
   • Newcastle United — Newcastle United

St. James' Park
   • Newcastle United — St. James' Park
   • Burnley — Burnley

Hill Dickinson Stadium
   • Burnley — Hill Dickinson Stadium
   • Arsenal — Arsenal

Emirates Stadium
   • Arsenal — Emirates Stadium
   • Chelsea — Chelsea

Hill Dickinson Stadium
   • Chelsea — Hill Dickinson Stadium
   • Brentford — Brentford

Gtech Community Stadium
   • Brentford — Gtech Community Stadium
   • Liverpool — Liverpool

Hill Dickinson Stadium
   • Liverpool — Hill Dickinson Stadium
   • West Ham United — West Ham United

London Stadium
   • West Ham United — London Stadium
   • Manchester City — Manchester City

Hill Dickinson Stadium
   • Manchester City — Hill Dickinson Stadium
   • Crystal Palace — Crystal Palace

Selhurst Park
   • Crystal Palace — Selhurst Park
   • Sunderland — Sunderland

Hill Dickinson Stadium
   • Sunderland — Hill Dickinson Stadium
   • Tottenham Hotspur — Tottenham Hotspur

Tottenham Hotspur Stadium
   • Tottenham Hotspur — Tottenham Hotspur Stadium
✅  April validation: /Brentford/i @ /Gtech Community Stadium/i
✅  April validation: /Liverpool/i @ /Hill Dickinson Stadium/i
✅  April validation: /West Ham United/i @ /London Stadium/i
📅 May: found 68 fixtures
   • Wolverhampton Wanderers — Molineux Stadium
   • Wolverhampton Wanderers — Molineux Stadium
   • West Ham United — West Ham United

Hill Dickinson Stadium
   • West Ham United — Hill Dickinson Stadium
   • Crystal Palace — Crystal Palace

Hill Dickinson Stadium
   • Crystal Palace — Hill Dickinson Stadium
   • Manchester City — Manchester City

Etihad Stadium
   • Manchester City — Etihad Stadium
   • Tottenham Hotspur — Tottenham Hotspur

Hill Dickinson Stadium
   • Tottenham Hotspur — Hill Dickinson Stadium
   • Sunderland — Sunderland

Stadium of Light
   • Sunderland — Stadium of Light
   • Fulham — Fulham

Hill Dickinson Stadium
   • Fulham — Hill Dickinson Stadium
   • Manchester United — Manchester United

Old Trafford
   • Manchester United — Old Trafford
   • Newcastle United — Newcastle United

Hill Dickinson Stadium
   • Newcastle United — Hill Dickinson Stadium
   • Bournemouth — Bournemouth

Vitality Stadium
   • Bournemouth — Vitality Stadium
   • Nottingham Forest — Nottingham Forest

Hill Dickinson Stadium
   • Nottingham Forest — Hill Dickinson Stadium
   • Chelsea — Chelsea

Stamford Bridge
   • Chelsea — Stamford Bridge
   • Arsenal — Arsenal

Hill Dickinson Stadium
   • Arsenal — Hill Dickinson Stadium
   • Burnley — Burnley

Turf Moor
   • Burnley — Turf Moor
   • Nottingham Forest — Nottingham Forest

The City Ground
   • Nottingham Forest — The City Ground
   • Brentford — Brentford

Hill Dickinson Stadium
   • Brentford — Hill Dickinson Stadium
   • Wolverhampton Wanderers — Wolverhampton Wanderers

Hill Dickinson Stadium
   • Wolverhampton Wanderers — Hill Dickinson Stadium
   • Aston Villa — Aston Villa

Villa Park
   • Aston Villa — Villa Park
   • Leeds United — Leeds United

Hill Dickinson Stadium
   • Leeds United — Hill Dickinson Stadium
   • Brighton and Hove Albion — Brighton and Hove Albion

American Express Stadium
   • Brighton and Hove Albion — American Express Stadium
   • Fulham — Fulham

Craven Cottage
   • Fulham — Craven Cottage
   • Bournemouth — Bournemouth

Hill Dickinson Stadium
   • Bournemouth — Hill Dickinson Stadium
   • Manchester United — Manchester United

Hill Dickinson Stadium
   • Manchester United — Hill Dickinson Stadium
   • Newcastle United — Newcastle United

St. James' Park
   • Newcastle United — St. James' Park
   • Burnley — Burnley

Hill Dickinson Stadium
   • Burnley — Hill Dickinson Stadium
   • Arsenal — Arsenal

Emirates Stadium
   • Arsenal — Emirates Stadium
   • Chelsea — Chelsea

Hill Dickinson Stadium
   • Chelsea — Hill Dickinson Stadium
   • Brentford — Brentford

Gtech Community Stadium
   • Brentford — Gtech Community Stadium
   • Liverpool — Liverpool

Hill Dickinson Stadium
   • Liverpool — Hill Dickinson Stadium
   • West Ham United — West Ham United

London Stadium
   • West Ham United — London Stadium
   • Manchester City — Manchester City

Hill Dickinson Stadium
   • Manchester City — Hill Dickinson Stadium
   • Crystal Palace — Crystal Palace

Selhurst Park
   • Crystal Palace — Selhurst Park
   • Sunderland — Sunderland

Hill Dickinson Stadium
   • Sunderland — Hill Dickinson Stadium
   • Tottenham Hotspur — Tottenham Hotspur

Tottenham Hotspur Stadium
   • Tottenham Hotspur — Tottenham Hotspur Stadium
✅  May validation: /Manchester City/i @ /Hill Dickinson Stadium/i
✅  May validation: /Crystal Palace/i @ /Selhurst Park/i
✅  May validation: /Sunderland/i @ /Hill Dickinson Stadium/i
✅  May validation: /Tottenham Hotspur/i @ /Tottenham Hotspur Stadium/i
]]>
</system-out>
</testcase>
<testcase name="Match Centre - First Mens Team" classname="Fanside/Fanside Match Centre.spec.ts" time="4.885">
<system-out>
<![CDATA[📊 LivePreview Results: []
📊 PROD Results: []
]]>
</system-out>
</testcase>
<testcase name="Match Centre - Results Match Centre (Everton)" classname="Fanside/Fanside Match Centre.spec.ts" time="8.018">
<system-out>
<![CDATA[No cookie banner found
Opening Burger Menu...
Clicking Matches tab...
Navigating to Results...
Selecting season 2024...
Re-clicking Results...
Clicking the match link: Sun 18 May 12:00 PM Everton
Validating Men link is visible...
Men link is visible!
Browser context closed, test finished successfully
]]>
</system-out>
</testcase>
<testcase name="Match Centre - Hero" classname="Fanside/Fanside Match Centre.spec.ts" time="0">
<properties>
<property name="skip" value="">
</property>
</properties>
<skipped>
</skipped>
</testcase>
<testcase name="Match Centre - Results Min by min" classname="Fanside/Fanside Match Centre.spec.ts" time="5.826">
</testcase>
<testcase name="Match Centre - Results - Lineups" classname="Fanside/Fanside Match Centre.spec.ts" time="7.777">
<system-out>
<![CDATA[🌐 Navigating to: https://livepreview.evertonfc.com/matches/men/2025/g2561924
✅ Accepted cookies
✅ Accepted cookies
✅ Closed chat header
➡️ Opening "Lineups" tab
🔍 Validating Wolves lineup...
✅ Wolves lineup validated
➡️ Switching to Everton tab
🔍 Validating Everton lineup...
✅ Everton lineup validated
✅ Validation completed for https://livepreview.evertonfc.com/matches/men/2025/g2561924

🌐 Navigating to: https://www.evertonfc.com/matches/men/2025/g2561924
✅ Accepted cookies
✅ Accepted cookies
✅ Closed chat header
➡️ Opening "Lineups" tab
🔍 Validating Wolves lineup...
✅ Wolves lineup validated
➡️ Switching to Everton tab
🔍 Validating Everton lineup...
✅ Everton lineup validated
✅ Validation completed for https://www.evertonfc.com/matches/men/2025/g2561924

]]>
</system-out>
</testcase>
<testcase name="Match Centre - Results - Stats" classname="Fanside/Fanside Match Centre.spec.ts" time="7.195">
<system-out>
<![CDATA[🌐 Navigating to: https://livepreview.evertonfc.com/matches/men/2025/g2561924
✅ Accepted cookies
✅ Accepted cookies
✅ Closed chat header
➡️ Opening "Stats" tab
🔍 Validating stats snapshot...
📋 Expected stats snapshot:
 
    - img
    - paragraph: English Premier League
    - paragraph: /Sat \d+ Aug — \d+:\d+/
    - img
    - img: /\d+\.\d+ % \d+ 4 2 \d+ \d+\.\d+ % \d+ 4 2 \d+ Possession Shots Shots On Target Corners Fouls/
    - paragraph: "0"
    - paragraph: "0"
    - paragraph: Cards
    - paragraph: "1"
    - paragraph: "0"
  
✅ Stats snapshot validated
✅ Validation completed for https://livepreview.evertonfc.com/matches/men/2025/g2561924

🌐 Navigating to: https://www.evertonfc.com/matches/men/2025/g2561924
✅ Accepted cookies
✅ Accepted cookies
✅ Closed chat header
➡️ Opening "Stats" tab
🔍 Validating stats snapshot...
📋 Expected stats snapshot:
 
    - img
    - paragraph: English Premier League
    - paragraph: /Sat \d+ Aug — \d+:\d+/
    - img
    - img: /\d+\.\d+ % \d+ 4 2 \d+ \d+\.\d+ % \d+ 4 2 \d+ Possession Shots Shots On Target Corners Fouls/
    - paragraph: "0"
    - paragraph: "0"
    - paragraph: Cards
    - paragraph: "1"
    - paragraph: "0"
  
✅ Stats snapshot validated
✅ Validation completed for https://www.evertonfc.com/matches/men/2025/g2561924

]]>
</system-out>
</testcase>
<testcase name="Match Centre - Todays Games" classname="Fanside/Fanside Match Centre.spec.ts" time="8.481">
<system-out>
<![CDATA[🌐 Navigating to: https://livepreview.evertonfc.com/matches/men/2025/g2561924
✅ Accepted cookies
✅ Accepted cookies
✅ Closed chat header
➡️ Opening "Scores" tab
🔍 Validating Today’s Games snapshot...
📋 Expected snapshot:
 
    - paragraph: English Premier League
    - paragraph: Todays Games
    - heading "CHE" [level=6]
    - img
    - paragraph: FT
    - paragraph: "2"
    - paragraph: "0"
    - paragraph: HT 1 - 0
    - img
    - text: FUL
    - heading "MUN" [level=6]
    - img
    - paragraph: FT
    - paragraph: "3"
    - paragraph: "2"
    - paragraph: HT 1 - 0
    - img
    - text: BUR
    - heading "SUN" [level=6]
    - img
    - paragraph: FT
    - paragraph: "2"
    - paragraph: "1"
    - paragraph: HT 0 - 0
    - img
    - text: BRE
    - heading "TOT" [level=6]
    - img
    - paragraph: FT
    - paragraph: "0"
    - paragraph: "1"
    - paragraph: HT 0 - 1
    - img
    - text: BOU
    - heading "LEE" [level=6]
    - img
    - paragraph: FT
    - paragraph: "0"
    - paragraph: "0"
    - paragraph: HT 0 - 0
    - img
    - text: NEW
  
✅ Today’s Games snapshot validated
✅ Validation completed for https://livepreview.evertonfc.com/matches/men/2025/g2561924

🌐 Navigating to: https://www.evertonfc.com/matches/men/2025/g2561924
✅ Accepted cookies
✅ Accepted cookies
✅ Closed chat header
➡️ Opening "Scores" tab
🔍 Validating Today’s Games snapshot...
📋 Expected snapshot:
 
    - paragraph: English Premier League
    - paragraph: Todays Games
    - heading "CHE" [level=6]
    - img
    - paragraph: FT
    - paragraph: "2"
    - paragraph: "0"
    - paragraph: HT 1 - 0
    - img
    - text: FUL
    - heading "MUN" [level=6]
    - img
    - paragraph: FT
    - paragraph: "3"
    - paragraph: "2"
    - paragraph: HT 1 - 0
    - img
    - text: BUR
    - heading "SUN" [level=6]
    - img
    - paragraph: FT
    - paragraph: "2"
    - paragraph: "1"
    - paragraph: HT 0 - 0
    - img
    - text: BRE
    - heading "TOT" [level=6]
    - img
    - paragraph: FT
    - paragraph: "0"
    - paragraph: "1"
    - paragraph: HT 0 - 1
    - img
    - text: BOU
    - heading "LEE" [level=6]
    - img
    - paragraph: FT
    - paragraph: "0"
    - paragraph: "0"
    - paragraph: HT 0 - 0
    - img
    - text: NEW
  
✅ Today’s Games snapshot validated
✅ Validation completed for https://www.evertonfc.com/matches/men/2025/g2561924

]]>
</system-out>
</testcase>
<testcase name="Match Centre - Results Table" classname="Fanside/Fanside Match Centre.spec.ts" time="6.841">
<system-out>
<![CDATA[🌐 Navigating to: https://livepreview.evertonfc.com/matches/men/2025/g2561924
✅ Accepted cookies
✅ Accepted cookies
✅ Closed chat header
➡️ Opening "Table" tab
🔍 Validating League Table region...
✅ League Table is visible
✅ Validation completed for https://livepreview.evertonfc.com/matches/men/2025/g2561924

🌐 Navigating to: https://www.evertonfc.com/matches/men/2025/g2561924
✅ Accepted cookies
✅ Accepted cookies
➡️ Opening "Table" tab
🔍 Validating League Table region...
✅ League Table is visible
✅ Validation completed for https://www.evertonfc.com/matches/men/2025/g2561924

]]>
</system-out>
</testcase>
<testcase name="Match Centre - Other Teams)" classname="Fanside/Fanside Match Centre.spec.ts" time="10.862">
<system-out>
<![CDATA[🌐 Navigating to: https://livepreview.evertonfc.com/matches/men/2025/g2561924
➡️ Opening burger menu
➡️ Navigating to Matches
➡️ Switching to Women tab
🔍 Validating Women tab is selected (ARIA snapshot)
🔍 Validating countdown widget (generic DD HH MM SS)
🔍 Validating primary CTAs visible
🔍 Validating CTA text present in main
🔍 Validating main has non-empty text (stadium or similar)
🔍 Validating at least one H3 heading has text
✅ All validations passed on current URL
✅ Completed validations for: https://livepreview.evertonfc.com/matches/men/2025/g2561924

🌐 Navigating to: https://www.evertonfc.com/matches/men/2025/g2561924
➡️ Opening burger menu
➡️ Navigating to Matches
➡️ Switching to Women tab
🔍 Validating Women tab is selected (ARIA snapshot)
🔍 Validating countdown widget (generic DD HH MM SS)
🔍 Validating primary CTAs visible
🔍 Validating CTA text present in main
🔍 Validating main has non-empty text (stadium or similar)
🔍 Validating at least one H3 heading has text
✅ All validations passed on current URL
✅ Completed validations for: https://www.evertonfc.com/matches/men/2025/g2561924

]]>
</system-out>
</testcase>
<testcase name="Match Centre - Women’s Team - Fixtures" classname="Fanside/Fanside Match Centre.spec.ts" time="0.642">
</testcase>
<testcase name="Match Centre - Other Teams Fixtures - PROD" classname="Fanside/Fanside Match Centre.spec.ts" time="0">
<properties>
<property name="skip" value="">
</property>
</properties>
<skipped>
</skipped>
</testcase>
<testcase name="Match Centre - Other Teams Results - Live-Preview" classname="Fanside/Fanside Match Centre.spec.ts" time="0">
<properties>
<property name="skip" value="">
</property>
</properties>
<skipped>
</skipped>
</testcase>
<testcase name="Match Centre - Other Teams Results - Prod" classname="Fanside/Fanside Match Centre.spec.ts" time="6.221">
</testcase>
<testcase name="Match Centre - Other Teams Results Match Centre - Hero - LivePreview" classname="Fanside/Fanside Match Centre.spec.ts" time="3.464">
</testcase>
<testcase name="Match Centre - Other Teams Results Match Centre - Hero - Prod" classname="Fanside/Fanside Match Centre.spec.ts" time="3.437">
</testcase>
<testcase name="Match Centre - Other Teams Results Min by min - Prod" classname="Fanside/Fanside Match Centre.spec.ts" time="2.37">
</testcase>
<testcase name="Match Centre - Other Teams Results Min by min - LivePreview" classname="Fanside/Fanside Match Centre.spec.ts" time="2.116">
</testcase>
<testcase name="Match Centre - Other Teams Results  Stats - Prod" classname="Fanside/Fanside Match Centre.spec.ts" time="1.976">
</testcase>
<testcase name="Match Centre - Other Teams Results  Stats - LivePreview" classname="Fanside/Fanside Match Centre.spec.ts" time="2.618">
</testcase>
<testcase name="Match Centre - Other Teams Results  Lineups - LivePreview" classname="Fanside/Fanside Match Centre.spec.ts" time="2.31">
</testcase>
<testcase name="Match Centre - Other Teams Results  Lineups - Prod" classname="Fanside/Fanside Match Centre.spec.ts" time="2.237">
</testcase>
<testcase name="Match Centre - Other Teams Results Todays Games - LivePreview" classname="Fanside/Fanside Match Centre.spec.ts" time="0">
<properties>
<property name="skip" value="">
</property>
</properties>
<skipped>
</skipped>
</testcase>
<testcase name="Match Centre - Other Teams Results Todays Games - Prod" classname="Fanside/Fanside Match Centre.spec.ts" time="0">
<properties>
<property name="skip" value="">
</property>
</properties>
<skipped>
</skipped>
</testcase>
<testcase name="Match Centre - Other Teams Table - LivePreview" classname="Fanside/Fanside Match Centre.spec.ts" time="6.208">
<system-out>
<![CDATA[Opening Burger Menu...
Clicking Matches tab...
Navigating to Results...
Selecting season 2024...
]]>
</system-out>
</testcase>
<testcase name="Match Centre - Other Teams Table - Prod" classname="Fanside/Fanside Match Centre.spec.ts" time="6.124">
<system-out>
<![CDATA[Opening Burger Menu...
Clicking Matches tab...
Navigating to Results...
Selecting season 2024...
]]>
</system-out>
</testcase>
</testsuite>
<testsuite name="Fanside/Fanside News Article.spec.ts" timestamp="2025-09-22T14:45:10.663Z" hostname="chromium" tests="8" failures="1" skipped="0" time="141.744" errors="0">
<testcase name="Feature News Article" classname="Fanside/Fanside News Article.spec.ts" time="3.232">
<system-out>
<![CDATA[[cookies:PROD /news] No cookie banner visible — continuing.

[PROD] Looking for hero/news anchor on /news
[find] hero/news anchor -> count=0
[PROD] hero/text="Semenyo wins Goal of the MonthFirst Team |4 days ago" href="/news/2025/september/17/semenyo-wins-goal-of-the-month/"

[PREVIEW] Looking for hero/news anchor on /news
[find] hero/news anchor -> count=1
[find] hero/news anchor -> visible=true text="SEMENYO WINS GOAL OF THE MONTH

First Team |

4 days ago" href=/news/2025/september/17/semenyo-wins-goal-of-the-month/
[PREVIEW] hero/text="Semenyo wins Goal of the MonthFirst Team |4 days ago" href="/news/2025/september/17/semenyo-wins-goal-of-the-month/"
]]>
</system-out>
</testcase>
<testcase name="News Page - News Listing" classname="Fanside/Fanside News Article.spec.ts" time="2.395">
<system-out>
<![CDATA[[cookies:PROD /news] No cookie banner visible — continuing.
[cookies:PREVIEW /news] No cookie banner visible — continuing.
]]>
</system-out>
</testcase>
<testcase name="News Page - News Story" classname="Fanside/Fanside News Article.spec.ts" time="5.25">
<system-out>
<![CDATA[[cookies:PROD /article] No cookie banner visible — continuing.

[PROD] Navigating to https://www.afcb.co.uk/news/2025/august/11/2025-26-third-kit-launched/
[nav] status=200 ok=true

[PROD] Dismiss cookie banner if present
[cookies:PROD article] No cookie banner visible — continuing.

[PROD] Verify URL ends with article path

[PROD] Looking for H1
[find] H1 heading -> count=0

[PROD] Looking for body paragraphs
[find] body paragraphs -> count=6
[find] body paragraphs -> visible=true text="AFC Bournemouth are proud to present their new third kit for the 2025/26 campaign - the club’s first pink strip in a dec"

[PROD] Looking for published date
[find] published date -> count=1
[find] published date -> visible=true text="11 AUGUST 25"

[PROD] Looking for byline (optional)
[find] byline -> count=0

[PROD] Looking for first article image
[find] article img:first -> count=0

[PROD] Looking for breadcrumb markup
[find] breadcrumb -> count=0

[PROD] Looking for a visible back-to-news link
[find] back-to-news link -> count=1
[find] back-to-news link -> visible=true text="NEWS" href=/news

[PROD] Detecting social embed (inlineWatch/inlineCollab/iframe)
[find] inline .WatchOnInstagramContainer -> count=0
[find] inline .CollabAvatarContainer -> count=0
[find] iframe instagram -> count=1
[find] iframe instagram -> visible=true

[PROD] Validating instagram links inside iframe
[find] iframe instagram links -> count=17
[find] iframe instagram links -> visible=true href=https://www.instagram.com/premierleague/?utm_source=ig_embed

[PROD] Validating page meta
[cookies:PREVIEW /article] No cookie banner visible — continuing.

[PREVIEW] Navigating to https://livepreview.afcb.co.uk/news/2025/august/11/2025-26-third-kit-launched/
[nav] status=200 ok=true

[PREVIEW] Dismiss cookie banner if present
[cookies:PREVIEW article] No cookie banner visible — continuing.

[PREVIEW] Verify URL ends with article path

[PREVIEW] Looking for H1
[find] H1 heading -> count=0

[PREVIEW] Looking for body paragraphs
[find] body paragraphs -> count=6
[find] body paragraphs -> visible=true text="AFC Bournemouth are proud to present their new third kit for the 2025/26 campaign - the club’s first pink strip in a dec"

[PREVIEW] Looking for published date
[find] published date -> count=1
[find] published date -> visible=true text="11 AUGUST 25"

[PREVIEW] Looking for byline (optional)
[find] byline -> count=0

[PREVIEW] Looking for first article image
[find] article img:first -> count=0

[PREVIEW] Looking for breadcrumb markup
[find] breadcrumb -> count=0

[PREVIEW] Looking for a visible back-to-news link
[find] back-to-news link -> count=1
[find] back-to-news link -> visible=true text="NEWS" href=/news

[PREVIEW] Detecting social embed (inlineWatch/inlineCollab/iframe)
[find] inline .WatchOnInstagramContainer -> count=0
[find] inline .CollabAvatarContainer -> count=0
[find] iframe instagram -> count=1
[find] iframe instagram -> visible=true

[PREVIEW] Validating instagram links inside iframe
[find] iframe instagram links -> count=0

[PREVIEW] Validating page meta
]]>
</system-out>
</testcase>
<testcase name="News Page - News Category Tabs" classname="Fanside/Fanside News Article.spec.ts" time="1.534">
<system-out>
<![CDATA[[cookies:PREVIEW /news] No cookie banner visible — continuing.

[PREVIEW] Looking for Splide carousel container
[find] carousel container (#carousel-carousel | #carousel-carousel-list) -> count=1
[find] carousel container (#carousel-carousel | #carousel-carousel-list) -> visible=false

[PREVIEW] Looking for slides within the carousel
[find] slides -> count=0
[PREVIEW] Active slide sequence (no arrow clicks): carousel-carousel-slide01
[cookies:PROD /news] No cookie banner visible — continuing.

[PROD] Looking for Splide carousel container
[find] carousel container (#carousel-carousel | #carousel-carousel-list) -> count=1
[find] carousel container (#carousel-carousel | #carousel-carousel-list) -> visible=false

[PROD] Looking for slides within the carousel
[find] slides -> count=0
[PROD] Active slide sequence (no arrow clicks): carousel-carousel-slide01
]]>
</system-out>
</testcase>
<testcase name="News Page - Load More News" classname="Fanside/Fanside News Article.spec.ts" time="5.183">
<system-out>
<![CDATA[[Load more] items before=12, after=22, Diff=10
]]>
</system-out>
</testcase>
<testcase name="News Page - Sponsor Sections - Prem" classname="Fanside/Fanside News Article.spec.ts" time="2.213">
<system-out>
<![CDATA[No cookie banner found on https://www.avfc.co.uk/
Total <li> elements on https://www.avfc.co.uk/: 146
No cookie banner found on https://livepreview.avfc.co.uk/
Total <li> elements on https://livepreview.avfc.co.uk/: 146
Comparison: PROD (146) vs Preview (146)
]]>
</system-out>
</testcase>
<testcase name="News Page - Sponsor Sections - EFL" classname="Fanside/Fanside News Article.spec.ts" time="1.935">
<system-out>
<![CDATA[No cookie banner found on https://www.rovers.co.uk/
No promo overlay found
Total <li> elements on https://www.rovers.co.uk/: 140
No cookie banner found on https://livepreview.rovers.co.uk/
No promo overlay found
Total <li> elements on https://livepreview.rovers.co.uk/: 140
Comparison: PROD (140) vs Preview (140)
]]>
</system-out>
</testcase>
<testcase name="News Story - Share Icons (Preview &amp; Prod)" classname="Fanside/Fanside News Article.spec.ts" time="120.002">
<failure message="Fanside News Article.spec.ts:306:5 News Story - Share Icons (Preview &amp; Prod)" type="FAILURE">
<![CDATA[  [chromium] › Fanside/Fanside News Article.spec.ts:306:5 › News Story - Share Icons (Preview & Prod) › Validate share icons on Live Preview 

    Test timeout of 120000ms exceeded.

    Error: page.goto: Test ended.
    Call log:
      - navigating to "https://livepreview.safc.com/news/_/preview/fd00f330-19ce-11ef-81f7-5daf4602e6c6", waiting until "networkidle"


      323 |
      324 |       // 1) Navigate
    > 325 |       await page.goto(env.url, { waitUntil: 'networkidle' });
          |                  ^
      326 |
      327 |       // 2) Accept all cookies (if banner appears)
      328 |       const cookieButton = page.getByRole('button', { name: /Accept All Cookies/i });
        at /Users/tomastley/Documents/GitHub/e2e-testing-framework/test/Fanside/Fanside News Article.spec.ts:325:18
        at /Users/tomastley/Documents/GitHub/e2e-testing-framework/test/Fanside/Fanside News Article.spec.ts:310:5

    Error Context: ../test-results/Fanside-Fanside News Artic-8074c---Share-Icons-Preview-Prod--chromium/error-context.md
]]>
</failure>
<system-out>
<![CDATA[
[[ATTACHMENT|test-results/Fanside-Fanside News Artic-8074c---Share-Icons-Preview-Prod--chromium/error-context.md]]
]]>
</system-out>
</testcase>
</testsuite>
<testsuite name="Fanside/Fanside Site Map Validation.spec.ts" timestamp="2025-09-22T14:45:10.663Z" hostname="chromium" tests="3" failures="0" skipped="1" time="4.197" errors="0">
<testcase name="Badminton England Site Map Validation" classname="Fanside/Fanside Site Map Validation.spec.ts" time="2.319">
</testcase>
<testcase name="Badminton England Site Map Menu Font Validation" classname="Fanside/Fanside Site Map Validation.spec.ts" time="1.878">
</testcase>
<testcase name="Everton FC Site Map Validation" classname="Fanside/Fanside Site Map Validation.spec.ts" time="0">
<properties>
<property name="skip" value="">
</property>
</properties>
<skipped>
</skipped>
</testcase>
</testsuite>
<testsuite name="Fanside/Fanside Teams.spec.ts" timestamp="2025-09-22T14:45:10.663Z" hostname="chromium" tests="15" failures="0" skipped="3" time="46.082" errors="0">
<testcase name="First Team Squad - Live Preview" classname="Fanside/Fanside Teams.spec.ts" time="4.21">
</testcase>
<testcase name="First Team Squad - Prod" classname="Fanside/Fanside Teams.spec.ts" time="4.137">
</testcase>
<testcase name="First Team Squad - Pick a Player - Live Preview" classname="Fanside/Fanside Teams.spec.ts" time="6.828">
</testcase>
<testcase name="First Team Squad - Pick a Player - Prod" classname="Fanside/Fanside Teams.spec.ts" time="5.104">
</testcase>
<testcase name="First Team Squad - Pick a Player - Sponsors - Live Preview" classname="Fanside/Fanside Teams.spec.ts" time="6.976">
</testcase>
<testcase name="First Team Squad - Pick a Player - Sponsors - Prod" classname="Fanside/Fanside Teams.spec.ts" time="2.71">
</testcase>
<testcase name="First Team Squad - Pick a Player - Stats - LivePreview" classname="Fanside/Fanside Teams.spec.ts" time="2.397">
</testcase>
<testcase name="First Team Squad - Pick a Player - Stats - Prod" classname="Fanside/Fanside Teams.spec.ts" time="2.148">
</testcase>
<testcase name="First Team Squad - Pick a Player - Player Bio - Live Preview" classname="Fanside/Fanside Teams.spec.ts" time="2.169">
</testcase>
<testcase name="First Team Squad - Pick a Player - Player Bio - Prod" classname="Fanside/Fanside Teams.spec.ts" time="2.175">
</testcase>
<testcase name="First Team Squad - Pick a Player - Articles - Live Preview" classname="Fanside/Fanside Teams.spec.ts" time="0">
<properties>
<property name="skip" value="">
</property>
</properties>
<skipped>
</skipped>
</testcase>
<testcase name="First Team Squad - Pick a Player - Articles - Prod" classname="Fanside/Fanside Teams.spec.ts" time="0">
<properties>
<property name="skip" value="">
</property>
</properties>
<skipped>
</skipped>
</testcase>
<testcase name="First Team Squad - Pick a Player - Return to Teams / Squads Page - Prod" classname="Fanside/Fanside Teams.spec.ts" time="3.113">
</testcase>
<testcase name="Other Squads (Development, U23, U18, Women etc) - Live Preview" classname="Fanside/Fanside Teams.spec.ts" time="4.115">
</testcase>
<testcase name="Other Squads (Development, U23, U18, Women etc) - Prod" classname="Fanside/Fanside Teams.spec.ts" time="0">
<properties>
<property name="skip" value="">
</property>
</properties>
<skipped>
</skipped>
</testcase>
</testsuite>
<testsuite name="Fanside/Fanside Yonex All England.spec.ts" timestamp="2025-09-22T14:45:10.663Z" hostname="chromium" tests="5" failures="0" skipped="0" time="9.072" errors="0">
<testcase name="Yonex Site Map Validation" classname="Fanside/Fanside Yonex All England.spec.ts" time="1.843">
<system-out>
<![CDATA[Found 5 site map items
]]>
</system-out>
</testcase>
<testcase name="Yonex Site Map Menu Font Validation" classname="Fanside/Fanside Yonex All England.spec.ts" time="1.817">
<system-out>
<![CDATA[Font validation for "News"
Expected: {
  familyIncludes: [32m'neue-haas-grotesk-display'[39m,
  size: [32m'30px'[39m,
  weight: [ [32m'600'[39m, [32m'700'[39m ]
}
Actual  : {
  family: [32m'neue-haas-grotesk-display, sans-serif, neue-haas-grotesk-display, sans-serif, neue-haas-grotesk-display, sans-serif'[39m,
  size: [32m'30px'[39m,
  weight: [32m'700'[39m
}
Font validation for "Watch"
Expected: {
  familyIncludes: [32m'neue-haas-grotesk-display'[39m,
  size: [32m'30px'[39m,
  weight: [ [32m'600'[39m, [32m'700'[39m ]
}
Actual  : {
  family: [32m'neue-haas-grotesk-display, sans-serif, neue-haas-grotesk-display, sans-serif, neue-haas-grotesk-display, sans-serif'[39m,
  size: [32m'30px'[39m,
  weight: [32m'700'[39m
}
Font validation for "Tickets"
Expected: {
  familyIncludes: [32m'neue-haas-grotesk-display'[39m,
  size: [32m'30px'[39m,
  weight: [ [32m'600'[39m, [32m'700'[39m ]
}
Actual  : {
  family: [32m'neue-haas-grotesk-display, sans-serif, neue-haas-grotesk-display, sans-serif, neue-haas-grotesk-display, sans-serif'[39m,
  size: [32m'30px'[39m,
  weight: [32m'700'[39m
}
Font validation for "Volunteer"
Expected: {
  familyIncludes: [32m'neue-haas-grotesk-display'[39m,
  size: [32m'30px'[39m,
  weight: [ [32m'600'[39m, [32m'700'[39m ]
}
Actual  : {
  family: [32m'neue-haas-grotesk-display, sans-serif, neue-haas-grotesk-display, sans-serif, neue-haas-grotesk-display, sans-serif'[39m,
  size: [32m'30px'[39m,
  weight: [32m'700'[39m
}
Font validation for "Contact Us"
Expected: {
  familyIncludes: [32m'neue-haas-grotesk-display'[39m,
  size: [32m'30px'[39m,
  weight: [ [32m'600'[39m, [32m'700'[39m ]
}
Actual  : {
  family: [32m'neue-haas-grotesk-display, sans-serif, neue-haas-grotesk-display, sans-serif, neue-haas-grotesk-display, sans-serif'[39m,
  size: [32m'30px'[39m,
  weight: [32m'700'[39m
}
]]>
</system-out>
</testcase>
<testcase name="Yonex All England Options" classname="Fanside/Fanside Yonex All England.spec.ts" time="1.819">
<system-out>
<![CDATA[YONEX All England menu items found: 8
]]>
</system-out>
</testcase>
<testcase name="Yonex Site Map Validation - 2026 Event Section" classname="Fanside/Fanside Yonex All England.spec.ts" time="1.879">
</testcase>
<testcase name="Yonex Section Validation" classname="Fanside/Fanside Yonex All England.spec.ts" time="1.714">
</testcase>
</testsuite>
<testsuite name="PageBuilder/Quote Widget.spec.ts" timestamp="2025-09-22T14:45:10.663Z" hostname="chromium" tests="4" failures="0" skipped="4" time="0" errors="0">
<testcase name="CMS - Content - Quote Widget" classname="PageBuilder/Quote Widget.spec.ts" time="0">
<properties>
<property name="skip" value="">
</property>
</properties>
<skipped>
</skipped>
</testcase>
<testcase name="Fanside - Content - Quote Widget Validation" classname="PageBuilder/Quote Widget.spec.ts" time="0">
<properties>
<property name="skip" value="">
</property>
</properties>
<skipped>
</skipped>
</testcase>
<testcase name="CMS - Spilt Container - 1 Container" classname="PageBuilder/Quote Widget.spec.ts" time="0">
<properties>
<property name="skip" value="">
</property>
</properties>
<skipped>
</skipped>
</testcase>
<testcase name="Fanside - Spilt Container - 1 Container" classname="PageBuilder/Quote Widget.spec.ts" time="0">
<properties>
<property name="skip" value="">
</property>
</properties>
<skipped>
</skipped>
</testcase>
</testsuite>
<testsuite name="SSO/PNE email-verification.spec.ts" timestamp="2025-09-22T14:45:10.663Z" hostname="chromium" tests="4" failures="4" skipped="0" time="120.006" errors="0">
<testcase name="SSO Register Flow" classname="SSO/PNE email-verification.spec.ts" time="30.001">
<failure message="PNE email-verification.spec.ts:39:5 SSO Register Flow" type="FAILURE">
<![CDATA[  [chromium] › SSO/PNE email-verification.spec.ts:39:5 › SSO Register Flow ─────────────────────────

    Test timeout of 30000ms exceeded.

    Error: locator.click: Test ended.
    Call log:
      - waiting for getByRole('link', { name: 'Manage Account' })


      172 |
      173 |   // Click into Manage Account section
    > 174 |   await page.getByRole('link', { name: 'Manage Account' }).click();
          |                                                            ^
      175 |
      176 |   // Accept cookies again if prompted
      177 |   await page.getByRole('button', { name: 'Accept All Cookies' }).click();
        at /Users/tomastley/Documents/GitHub/e2e-testing-framework/test/SSO/PNE email-verification.spec.ts:174:60

    Error Context: ../test-results/SSO-PNE email-verification-SSO-Register-Flow-chromium/error-context.md
]]>
</failure>
<system-out>
<![CDATA[✅ Splash screen closed
✅ Splash screen closed
✉️ Found subject: [JIRA] (UZ-1157) PDC Ranking Widget Fanside
✉️ Found subject: desktop is ready for dev in Core-Component-Library
✉️ Found subject: [JIRA] (UZ-1884) EFLD sites only - add additional ad slots on league table page (/matches), iFollow page (/videos), teams page (/teams)
✉️ Found subject: Your Preston North End FC sign-on verification code
📨 Email content:
 Thank you for requesting a verification code for Preston North End FC. Your code is: 573820 We hope you enjoy the benefits of having a Preston North End FC account!
✅ Using verification code: 573820

[[ATTACHMENT|test-results/SSO-PNE email-verification-SSO-Register-Flow-chromium/error-context.md]]
]]>
</system-out>
</testcase>
<testcase name="SSO Login Flow - Manage Account" classname="SSO/PNE email-verification.spec.ts" time="30.002">
<failure message="PNE email-verification.spec.ts:182:5 SSO Login Flow - Manage Account" type="FAILURE">
<![CDATA[  [chromium] › SSO/PNE email-verification.spec.ts:182:5 › SSO Login Flow - Manage Account ──────────

    Test timeout of 30000ms exceeded.

    Error: locator.click: Test ended.
    Call log:
      - waiting for getByRole('button', { name: 'Accept All Cookies' })


      220 |
      221 | // Accept all cookies
    > 222 | await page.getByRole('button', { name: 'Accept All Cookies' }).click();
          |                                                                ^
      223 | await page.waitForTimeout(1000);
      224 |
      225 | const splashButton2 = page.locator('.absolute.-top-\\[25px\\]');if (
        at /Users/tomastley/Documents/GitHub/e2e-testing-framework/test/SSO/PNE email-verification.spec.ts:222:64

    Error Context: ../test-results/SSO-PNE email-verification-SSO-Login-Flow---Manage-Account-chromium/error-context.md
]]>
</failure>
<system-out>
<![CDATA[✅ Splash screen closed

[[ATTACHMENT|test-results/SSO-PNE email-verification-SSO-Login-Flow---Manage-Account-chromium/error-context.md]]
]]>
</system-out>
</testcase>
<testcase name="SSO - View Subscription" classname="SSO/PNE email-verification.spec.ts" time="30.002">
<failure message="PNE email-verification.spec.ts:305:5 SSO - View Subscription" type="FAILURE">
<![CDATA[  [chromium] › SSO/PNE email-verification.spec.ts:305:5 › SSO - View Subscription ──────────────────

    Test timeout of 30000ms exceeded.

    Error: locator.click: Test ended.
    Call log:
      - waiting for getByRole('button', { name: 'Accept All Cookies' })


      346 |
      347 |   // Accept cookies again after login if another prompt appears
    > 348 | await page.getByRole('button', { name: 'Accept All Cookies' }).click();
          |                                                                ^
      349 | await page.waitForTimeout(1000);
      350 |
      351 | const splashButton2 = page.locator('.absolute.-top-\\[25px\\]');if (
        at /Users/tomastley/Documents/GitHub/e2e-testing-framework/test/SSO/PNE email-verification.spec.ts:348:64

    Error Context: ../test-results/SSO-PNE email-verification-SSO---View-Subscription-chromium/error-context.md
]]>
</failure>
<system-out>
<![CDATA[✅ Splash screen closed

[[ATTACHMENT|test-results/SSO-PNE email-verification-SSO---View-Subscription-chromium/error-context.md]]
]]>
</system-out>
</testcase>
<testcase name="SSO - No Subscription Message" classname="SSO/PNE email-verification.spec.ts" time="30.001">
<failure message="PNE email-verification.spec.ts:365:5 SSO - No Subscription Message" type="FAILURE">
<![CDATA[  [chromium] › SSO/PNE email-verification.spec.ts:365:5 › SSO - No Subscription Message ────────────

    Test timeout of 30000ms exceeded.

    Error: locator.click: Test ended.
    Call log:
      - waiting for locator('.absolute.-top-\\[25px\\]')
        - locator resolved to <div class="absolute -top-[25px] -right-[25px] sm:-top-[16px] sm:-right-[16px] text-white bg-slate-800 rounded-full flex items-center justify-center w-[50px] h-[50px] sm:w-[32px] sm:h-[32px] shadow hover:bg-slate-700 cursor-pointer transition duration-150">…</div>
      - attempting click action
        2 × waiting for element to be visible, enabled and stable
          - element is visible, enabled and stable
          - scrolling into view if needed
          - done scrolling
          - element is outside of the viewport
        - retrying click action
        - waiting 20ms
        2 × waiting for element to be visible, enabled and stable
          - element is visible, enabled and stable
          - scrolling into view if needed
          - done scrolling
          - element is outside of the viewport
        - retrying click action
          - waiting 100ms
        50 × waiting for element to be visible, enabled and stable
           - element is visible, enabled and stable
           - scrolling into view if needed
           - done scrolling
           - element is outside of the viewport
         - retrying click action
           - waiting 500ms


      397 | // Check visibility
      398 | if (await optionalButton.isVisible()) {
    > 399 |   await optionalButton.click();
          |                        ^
      400 |   console.log('✅ Optional button clicked');
      401 | } else {
      402 |   console.log('⚠️ Optional button not visible, skipping...');
        at /Users/tomastley/Documents/GitHub/e2e-testing-framework/test/SSO/PNE email-verification.spec.ts:399:24

    Error Context: ../test-results/SSO-PNE email-verification-SSO---No-Subscription-Message-chromium/error-context.md
]]>
</failure>
<system-out>
<![CDATA[
[[ATTACHMENT|test-results/SSO-PNE email-verification-SSO---No-Subscription-Message-chromium/error-context.md]]
]]>
</system-out>
</testcase>
</testsuite>
</testsuites>